librairie de expressjs  est CommonJS   avec le require('..')


$ npm init --yes       pour cree le packages.json

$ npm install expres --save     

$ npm install nodemon   pour actualisation a chaque modification 

$ set PORT=...        pour modifier le port d'execution 

$ npm install joi     c'est un validator input 

//erreur 404 not found  quand le serveur  trouve pas le parametre sp√©cifie 
//erreur 400 bad request  quand on repecte pas les validators 

$npm install helmet --save    pour securiser l api avec les headers 

$npm install morgan --save     http request 
